本地回放已启动： http://127.0.0.1:4173/
本地最新记录： http://127.0.0.1:4173/?local=latest
[webgpu-report] {"source":"flight-replay","phase":"engine-ready"}
[webgpu-report] {"source":"flight-replay","cells":562,"phase":"world-indexed"}
[webgpu-report] {"source":"flight-replay","phase":"loop-started"}
[webgpu-report] {"source":"flight-replay","phase":"engine-ready"}
[webgpu-report] {"source":"flight-replay","cells":562,"phase":"world-indexed"}
[webgpu-report] {"source":"flight-replay","phase":"loop-started"}
[webgpu-report] {"source":"flight-replay","phase":"engine-ready"}
[webgpu-report] {"source":"flight-replay","cells":562,"phase":"world-indexed"}
[webgpu-report] {"source":"flight-replay","phase":"loop-started"}
[webgpu-report] {"source":"flight-replay","phase":"engine-ready"}
[webgpu-report] {"source":"flight-replay","cells":562,"phase":"world-indexed"}
[webgpu-report] {"source":"flight-replay","phase":"loop-started"}
[webgpu-report] {"source":"flight-replay","phase":"engine-ready"}
[webgpu-report] {"source":"flight-replay","cells":562,"phase":"world-indexed"}
[webgpu-report] {"source":"flight-replay","phase":"loop-started"}
[webgpu-report] {"source":"flight-replay","phase":"engine-ready"}
[webgpu-report] {"source":"flight-replay","cells":562,"phase":"world-indexed"}
[webgpu-report] {"source":"flight-replay","phase":"loop-started"}
[webgpu-report] {"source":"flight-replay","phase":"engine-ready"}
[webgpu-report] {"source":"flight-replay","cells":562,"phase":"world-indexed"}
[webgpu-report] {"source":"flight-replay","phase":"loop-started"}
